mode: set
puppy/math.go:8.48,11.31 2 1
puppy/math.go:11.31,13.3 1 1
puppy/math.go:15.2,18.21 3 1
